// Jest Snapshot v1, https://goo.gl/fbAQLP

exports[`<MealModalPropertiesList /> should renders correct <MealModalPropertiesList /> 1`] = `
<ul
  className=""
>
  Test children
</ul>
`;
