// Jest Snapshot v1, https://goo.gl/fbAQLP

exports[`<SmartMealsTemplate /> should renders correct <SmartMealsTemplate /> 1`] = `
<main>
  <FeaturesBanner
    features={
      Array [
        Object {
          "image": Object {
            "height": 40,
            "url": "/images/affirm-logo.svg",
            "width": 40,
          },
          "title": "Pay as low as $33/ month",
        },
        Object {
          "image": Object {
            "height": 40,
            "url": "/images/100-day-home-trial-risk-free.svg",
            "width": 40,
          },
          "link": "/free-trial/",
          "title": "100-day home trial, risk-free",
        },
        Object {
          "image": Object {
            "height": 30,
            "url": "/images/logo-seal-black.svg",
            "width": 30,
          },
          "title": "1 Year Warranty",
        },
      ]
    }
  />
  <DefaultHero
    imageSrc="/images/smart-meals-page/smart-meals-hero-background.jpg"
    mobileImageSrc="/images/smart-meals-page/smart-meals-hero-background--small.jpg"
    title="Smart Meals"
  />
  <SmartMealsSecondSection />
  <SmartMealsThirdSection
    mealsListRef={
      Object {
        "current": null,
      }
    }
  />
  <SmartMealsForthSection
    mealsListRef={
      Object {
        "current": null,
      }
    }
  />
  <SmartMealsFifthSection />
  <FinalCallToActionSection
    imageSrc="/images/smart-meals-page/final-call-to-action-section-background.jpg"
    offsetX="left"
    offsetXInMobile="center"
  />
</main>
`;
