// Jest Snapshot v1, https://goo.gl/fbAQLP

exports[`<SkipTo /> should renders correct <SkipTo /> 1`] = `
<div
  className="fixed top-0 left-1/2 z-50 p-3 bg-white rounded transform -translate-x-1/2 -translate-y-full max-w-sm w-full focus-within:shadow-2xl focus-within:translate-y-0"
>
  <div
    className="mb-2 font-bold"
  >
    Skip to
  </div>
  <ul />
</div>
`;
