// Jest Snapshot v1, https://goo.gl/fbAQLP

exports[`<YotpoReviews /> should renders correct <YotpoReviews /> 1`] = `
<div
  className="yotpo yotpo-main-widget"
  data-product-id="1"
>
  <div
    className="text-center text-3xl"
  >
    Loading...
  </div>
</div>
`;
