// Jest Snapshot v1, https://goo.gl/fbAQLP

exports[`<Media /> should renders correct <Media /> 1`] = `
<figure
  className="relative overflow-hidden md:mr-auto"
>
  <VideoPlayer
    autoplay={true}
    className="absolute inset-0 object-cover w-full h-full"
    controls={false}
    loop={true}
    muted={true}
    playsInline={true}
    poster="image.jpg"
  />
</figure>
`;
